[alison.com/certification/check/$2y$10$YM8OGK8O0N0Wg1EsdEMtruwoAh1hsFgxdWkrhzfiaPOYuA.html]
[alison.com/html/vendor/js/jquery-3.6.4.min.js]
[cdn01.alison-static.net/public/html/vendor/js/slick.js]
[alison.com/html/vendor/js/handlebars.runtime-v4.4.3.js]
[alison.com/html/vendor/js/jquery.mCustomScrollbar-alt.min.js]
[alison.com/html/site/css/main61d8.css]
[securepubads.g.doubleclick.net/tag/js/f.txt]
[www.gstatic.com/firebasejs/9.0.0/firebase-app-compat.js]
[www.gstatic.com/firebasejs/9.0.0/firebase-messaging-compat.js]
[backblue.gif]
[fade.gif]
[index.html]
[cdn01.alison-static.net/public/html/vendor/js/lazysizes.minf195.js]
[pagead2.googlesyndication.com/pagead/js/f.txt]
[alison.com/certification/check/$2y$10$YM8OGK8O0N0Wg1EsdEMtruwoAh1hsFgxdWkrhzfiaPOYuA-2.html]
[cdn01.alison-static.net/public/html/vendor/img/favicon/favicon-16x16.png]
[cdn01.alison-static.net/public/html/vendor/img/favicon/apple-touch-icon.png]
[cdn01.alison-static.net/public/html/vendor/img/favicon/favicon-32x32.png]
[web-sdk.smartlook.com/recorder.js]
[widget.trustpilot.com/bootstrap/v5/tp.widget.bootstrap.min.js]
[alison.com/html/site/css/iconfont.css]
[alison.com/html/site/css/two-column-template.css]
[alison.com/html/site/css/cert-check.css]
[cdn01.alison-static.net/public/html/site/img/header/new-announcement/annc__new-qr.png]
[cdn01.alison-static.net/public/html/site/img/header/new-announcement/annc__new-playstore.png]
[cdn01.alison-static.net/public/html/site/img/header/new-announcement/annc__new-appstore.png]
[cdn01.alison-static.net/public/html/site/img/footer--alison-logo.png]
[alison.com/cdn-cgi/scripts/5c5dd728/cloudflare-static/email-decode.min.js]
[cdn01.alison-static.net/public/html/vendor/js/jquery.mousewheel.min.js]
[alison.com/html/site/js/compileda3c4.js]
[cdnjs.cloudflare.com/ajax/libs/croppie/2.6.5/croppie.css]
[cdnjs.cloudflare.com/ajax/libs/croppie/2.6.5/croppie.js]
[alison.com/html/site/js/includes/autocomplete.min.js]
[alison.com/html/site/js/handlebars-templates/rendered-templates/header-partials.js]
[alison.com/certification/check/$2y$10$YM8OGK8O0N0Wg1EsdEMtruwoAh1hsFgxdWkrhzfiaPOYuA.html]
[cdn01.alison-static.net/public/html/site/css/scrollbar.css]
[cdn01.alison-static.net/public/html/site/img/alison-logo-login.png]
[cdn01.alison-static.net/public/html/site/img/shadow.png]
[alison.com/html/site/css/main61d8.css]
[www.googletagmanager.com/gtm5445.html]
[alison.com/certification/check/$2y$10$YM8OGK8O0N0Wg1EsdEMtruwoAh1hsFgxdWkrhzfiaPOYuA-2.html]
[widget.trustpilot.com/bootstrap/v5/tp.widget.bootstrap.min.js]
[alison.com/html/site/css/iconfont.css]
[alison.com/html/site/css/two-column-template.css]
[alison.com/html/site/css/cert-check.css]
[cdnjs.cloudflare.com/ajax/libs/croppie/2.6.5/croppie.css]
[alison.com/certification/check/replaceme/index.html]
[cdn01.alison-static.net/public/html/site/img/mCSB_buttons.png]
[cdn01.alison-static.net/public/html/site/css/scrollbar.css]
